
/home/runner/work/exp-detecting-tor-browser-au/exp-detecting-tor-browser-au/experiment/simulation/js/index-D_r6IifD.js
    140:28  warning  Do not access Object.prototype method 'hasOwnProperty' from target object                                     no-prototype-builtins
    357:16  warning  Do not access Object.prototype method 'hasOwnProperty' from target object                                     no-prototype-builtins
    502:37  warning  Do not access Object.prototype method 'hasOwnProperty' from target object                                     no-prototype-builtins
    619:43  warning  'setImmediate' is not defined                                                                                 no-undef
    895:7   warning  Unexpected combined character in character class                                                              no-misleading-character-class
    994:13  warning  Unnecessary escape character: \-                                                                              no-useless-escape
   1030:15  warning  Do not access Object.prototype method 'hasOwnProperty' from target object                                     no-prototype-builtins
   1165:13  warning  Expected a conditional expression and instead saw an assignment                                               no-cond-assign
   1230:19  warning  Empty block statement                                                                                         no-empty
   1314:10  warning  Do not access Object.prototype method 'hasOwnProperty' from target object                                     no-prototype-builtins
   1409:7   warning  Do not access Object.prototype method 'hasOwnProperty' from target object                                     no-prototype-builtins
   1411:11  warning  Do not access Object.prototype method 'hasOwnProperty' from target object                                     no-prototype-builtins
   1417:11  warning  Do not access Object.prototype method 'hasOwnProperty' from target object                                     no-prototype-builtins
   1417:40  warning  Do not access Object.prototype method 'hasOwnProperty' from target object                                     no-prototype-builtins
   1447:16  warning  Do not access Object.prototype method 'hasOwnProperty' from target object                                     no-prototype-builtins
   1519:36  warning  'MSApp' is not defined                                                                                        no-undef
   1521:13  warning  'MSApp' is not defined                                                                                        no-undef
   1605:53  warning  Do not access Object.prototype method 'hasOwnProperty' from target object                                     no-prototype-builtins
   1612:13  warning  Do not access Object.prototype method 'hasOwnProperty' from target object                                     no-prototype-builtins
   1751:9   warning  Expected to return a value in method 'get'                                                                    getter-return
   1760:24  warning  'm' is defined but never used                                                                                 no-unused-vars
   1760:27  warning  'k' is defined but never used                                                                                 no-unused-vars
   1760:30  warning  'A' is defined but never used                                                                                 no-unused-vars
   1760:33  warning  'L' is defined but never used                                                                                 no-unused-vars
   1760:36  warning  'H' is defined but never used                                                                                 no-unused-vars
   1760:39  warning  'Y' is defined but never used                                                                                 no-unused-vars
   1777:15  warning  'a' is defined but never used                                                                                 no-unused-vars
   1777:18  warning  's' is defined but never used                                                                                 no-unused-vars
   1777:21  warning  'u' is defined but never used                                                                                 no-unused-vars
   1777:24  warning  'm' is defined but never used                                                                                 no-unused-vars
   1777:27  warning  'k' is defined but never used                                                                                 no-unused-vars
   1777:30  warning  'A' is defined but never used                                                                                 no-unused-vars
   1777:33  warning  'L' is defined but never used                                                                                 no-unused-vars
   1777:36  warning  'H' is defined but never used                                                                                 no-unused-vars
   1777:39  warning  'Y' is defined but never used                                                                                 no-unused-vars
   1780:15  warning  'a' is defined but never used                                                                                 no-unused-vars
   1780:18  warning  's' is defined but never used                                                                                 no-unused-vars
   1780:21  warning  'u' is defined but never used                                                                                 no-unused-vars
   1780:24  warning  'm' is defined but never used                                                                                 no-unused-vars
   1780:27  warning  'k' is defined but never used                                                                                 no-unused-vars
   1780:30  warning  'A' is defined but never used                                                                                 no-unused-vars
   1780:33  warning  'L' is defined but never used                                                                                 no-unused-vars
   1780:36  warning  'H' is defined but never used                                                                                 no-unused-vars
   1780:39  warning  'Y' is defined but never used                                                                                 no-unused-vars
   1901:15  warning  Empty block statement                                                                                         no-empty
   2436:11  warning  Do not access Object.prototype method 'hasOwnProperty' from target object                                     no-prototype-builtins
   2455:41  warning  Invalid typeof comparison value                                                                               valid-typeof
   2463:42  warning  Invalid typeof comparison value                                                                               valid-typeof
   2600:10  warning  Expected a conditional expression and instead saw an assignment                                               no-cond-assign
   3031:24  warning  Do not access Object.prototype method 'hasOwnProperty' from target object                                     no-prototype-builtins
   3220:13  warning  Expected a 'break' statement before 'case'                                                                    no-fallthrough
   3236:13  warning  Expected a 'break' statement before 'case'                                                                    no-fallthrough
   3330:20  warning  Expected a conditional expression and instead saw an assignment                                               no-cond-assign
   3432:11  warning  Expected a 'break' statement before 'case'                                                                    no-fallthrough
   3524:10  warning  Unexpected control character(s) in regular expression: \x00                                                   no-control-regex
   4504:15  warning  Expected a 'break' statement before 'case'                                                                    no-fallthrough
   4541:16  warning  Unexpected constant condition                                                                                 no-constant-condition
   4581:14  warning  Expected a conditional expression and instead saw an assignment                                               no-cond-assign
   5031:17  warning  Empty block statement                                                                                         no-empty
   5032:19  warning  Empty block statement                                                                                         no-empty
   5246:15  warning  Expected a conditional expression and instead saw an assignment                                               no-cond-assign
   5299:17  warning  Expected a conditional expression and instead saw an assignment                                               no-cond-assign
   5605:14  warning  Expected a conditional expression and instead saw an assignment                                               no-cond-assign
   5651:12  warning  Expected a conditional expression and instead saw an assignment                                               no-cond-assign
   6116:18  warning  Do not access Object.prototype method 'hasOwnProperty' from target object                                     no-prototype-builtins
   6116:42  warning  Do not access Object.prototype method 'hasOwnProperty' from target object                                     no-prototype-builtins
   6119:30  warning  Do not access Object.prototype method 'hasOwnProperty' from target object                                     no-prototype-builtins
   6126:20  warning  Do not access Object.prototype method 'hasOwnProperty' from target object                                     no-prototype-builtins
   6133:15  warning  Do not access Object.prototype method 'hasOwnProperty' from target object                                     no-prototype-builtins
   6138:22  warning  Do not access Object.prototype method 'hasOwnProperty' from target object                                     no-prototype-builtins
   6139:29  warning  Do not access Object.prototype method 'hasOwnProperty' from target object                                     no-prototype-builtins
   6142:21  warning  Do not access Object.prototype method 'hasOwnProperty' from target object                                     no-prototype-builtins
   6156:22  warning  Do not access Object.prototype method 'hasOwnProperty' from target object                                     no-prototype-builtins
   6294:21  warning  Do not access Object.prototype method 'hasOwnProperty' from target object                                     no-prototype-builtins
   6307:23  warning  Do not access Object.prototype method 'hasOwnProperty' from target object                                     no-prototype-builtins
   6392:23  warning  Do not access Object.prototype method 'hasOwnProperty' from target object                                     no-prototype-builtins
   6405:26  warning  Do not access Object.prototype method 'hasOwnProperty' from target object                                     no-prototype-builtins
   6939:15  warning  Empty block statement                                                                                         no-empty
   6943:7   warning  Expected a 'break' statement before 'case'                                                                    no-fallthrough
   7253:42  warning  Do not access Object.prototype method 'hasOwnProperty' from target object                                     no-prototype-builtins
   7334:18  warning  's' is defined but never used                                                                                 no-unused-vars
   7334:21  warning  'u' is defined but never used                                                                                 no-unused-vars
   7337:18  warning  's' is defined but never used                                                                                 no-unused-vars
   7337:21  warning  'u' is defined but never used                                                                                 no-unused-vars
   7653:14  warning  Unexpected constant condition                                                                                 no-constant-condition
   8006:14  warning  Unexpected constant condition                                                                                 no-constant-condition
   8030:12  warning  Unexpected constant condition                                                                                 no-constant-condition
   8263:21  warning  Empty block statement                                                                                         no-empty
   9091:6   warning  'Qt' is a function                                                                                            no-func-assign
   9092:6   warning  'ni' is a function                                                                                            no-func-assign
   9127:14  warning  '__REACT_DEVTOOLS_GLOBAL_HOOK__' is not defined                                                               no-undef
   9131:15  warning  Empty block statement                                                                                         no-empty
   9238:16  warning  '__REACT_DEVTOOLS_GLOBAL_HOOK__' is not defined                                                               no-undef
   9242:9   warning  '__REACT_DEVTOOLS_GLOBAL_HOOK__' is not defined                                                               no-undef
   9393:34  warning  'g' is assigned a value but never used                                                                        no-unused-vars
   9455:32  warning  't' is defined but never used                                                                                 no-unused-vars
   9575:37  warning  '__g' is not defined                                                                                          no-undef
   9583:37  warning  '__e' is not defined                                                                                          no-undef
   9752:21  warning  Empty block statement                                                                                         no-empty
   9894:29  warning  Do not access Object.prototype method 'propertyIsEnumerable' from target object                               no-prototype-builtins
  10156:24  warning  'd' is defined but never used                                                                                 no-unused-vars
  10949:21  warning  Empty block statement                                                                                         no-empty
  11672:22  warning  '_typeof$6' is a function                                                                                     no-func-assign
  11675:22  warning  '_typeof$6' is a function                                                                                     no-func-assign
  11940:22  warning  '_typeof$5' is a function                                                                                     no-func-assign
  11943:22  warning  '_typeof$5' is a function                                                                                     no-func-assign
  12320:39  warning  Empty block statement                                                                                         no-empty
  12709:22  warning  '_typeof$4' is a function                                                                                     no-func-assign
  12712:22  warning  '_typeof$4' is a function                                                                                     no-func-assign
  13301:25  warning  Empty block statement                                                                                         no-empty
  15886:22  warning  '_typeof$3' is a function                                                                                     no-func-assign
  15889:22  warning  '_typeof$3' is a function                                                                                     no-func-assign
  16000:44  warning  Unnecessary escape character: \?                                                                              no-useless-escape
  16007:25  warning  Empty block statement                                                                                         no-empty
  21052:32  warning  'c' is defined but never used                                                                                 no-unused-vars
  25581:22  warning  '_typeof$2' is a function                                                                                     no-func-assign
  25584:22  warning  '_typeof$2' is a function                                                                                     no-func-assign
  25605:17  warning  'g' is defined but never used                                                                                 no-unused-vars
  25676:29  warning  Empty block statement                                                                                         no-empty
  25708:22  warning  '_typeof$1' is a function                                                                                     no-func-assign
  25711:22  warning  '_typeof$1' is a function                                                                                     no-func-assign
  27490:22  warning  '_typeof' is a function                                                                                       no-func-assign
  27493:22  warning  '_typeof' is a function                                                                                       no-func-assign
  29513:6   warning  '_extends' is a function                                                                                      no-func-assign
  29556:11  warning  Unsafe usage of ReturnStatement                                                                               no-unsafe-finally
  29558:16  warning  Unsafe usage of ThrowStatement                                                                                no-unsafe-finally
  29599:6   warning  '_typeof$4' is a function                                                                                     no-func-assign
  30978:27  warning  't' is defined but never used                                                                                 no-unused-vars
  30979:20  warning  'e' is defined but never used                                                                                 no-unused-vars
  30979:23  warning  't' is defined but never used                                                                                 no-unused-vars
  30980:15  warning  'e' is defined but never used                                                                                 no-unused-vars
  30980:18  warning  't' is defined but never used                                                                                 no-unused-vars
  31743:10  warning  'isReactElement' is defined but never used                                                                    no-unused-vars
  31872:35  warning  'global' is not defined                                                                                       no-undef
  31873:9   warning  'global' is not defined                                                                                       no-undef
  32281:6   warning  '_setPrototypeOf$1' is a function                                                                             no-func-assign
  32300:6   warning  '_getPrototypeOf$1' is a function                                                                             no-func-assign
  32313:11  warning  Empty block statement                                                                                         no-empty
  32314:11  warning  '_isNativeReflectConstruct$1' is a function                                                                   no-func-assign
  32553:5   warning  Expected a 'break' statement before 'case'                                                                    no-fallthrough
  32555:5   warning  Expected a 'break' statement before 'case'                                                                    no-fallthrough
  33451:7   warning  Expected a 'break' statement before 'case'                                                                    no-fallthrough
  33477:7   warning  Expected a 'break' statement before 'case'                                                                    no-fallthrough
  33484:11  warning  Expected a 'break' statement before 'case'                                                                    no-fallthrough
  33497:11  warning  Expected a 'break' statement before 'default'                                                                 no-fallthrough
  33536:7   warning  Expected a 'break' statement before 'default'                                                                 no-fallthrough
  33598:5   warning  Expected a 'break' statement before 'case'                                                                    no-fallthrough
  33662:26  warning  Unnecessary escape character: \:                                                                              no-useless-escape
  34228:55  warning  'n' is assigned a value but never used                                                                        no-unused-vars
  34570:15  warning  'ConfigConsumer' is assigned a value but never used                                                           no-unused-vars
  35404:21  warning  'n' is already defined                                                                                        no-redeclare
  35573:21  warning  'n' is already defined                                                                                        no-redeclare
  35744:12  warning  'r' is assigned a value but never used                                                                        no-unused-vars
  36444:27  warning  'e' is defined but never used                                                                                 no-unused-vars
  36596:21  warning  'n' is already defined                                                                                        no-redeclare
  37735:21  warning  'n' is already defined                                                                                        no-redeclare
  37803:21  warning  'n' is already defined                                                                                        no-redeclare
  37987:4   warning  '_regeneratorDefine' is a function                                                                            no-func-assign
  38039:28  warning  Expected a conditional expression and instead saw an assignment                                               no-cond-assign
  38041:21  warning  Expected a conditional expression and instead saw an assignment                                               no-cond-assign
  38078:34  warning  Expected a conditional expression and instead saw an assignment                                               no-cond-assign
  38128:6   warning  '_regenerator' is a function                                                                                  no-func-assign
  38270:11  warning  '_regeneratorRuntime' is a function                                                                           no-func-assign
  38328:13  warning  Empty block statement                                                                                         no-empty
  38349:24  warning  'e' is defined but never used                                                                                 no-unused-vars
  38354:6   warning  '_modernUnmount' is a function                                                                                no-func-assign
  38381:18  warning  'e' is defined but never used                                                                                 no-unused-vars
  38386:6   warning  '_unmount' is a function                                                                                      no-func-assign
  38399:15  warning  Expected a 'break' statement before 'case'                                                                    no-fallthrough
  38703:21  warning  'n' is already defined                                                                                        no-redeclare
  39496:21  warning  'n' is already defined                                                                                        no-redeclare
  39824:6   warning  '_wrapNativeSuper' is a function                                                                              no-func-assign
  39890:11  warning  Unreachable code                                                                                              no-unreachable
  40047:13  warning  Do not access Object.prototype method 'hasOwnProperty' from target object                                     no-prototype-builtins
  40106:11  warning  Do not access Object.prototype method 'hasOwnProperty' from target object                                     no-prototype-builtins
  40202:17  warning  Unnecessary escape character: \[                                                                              no-useless-escape
  40202:42  warning  Unnecessary escape character: \[                                                                              no-useless-escape
  40293:43  warning  Do not access Object.prototype method 'hasOwnProperty' from target object                                     no-prototype-builtins
  40302:43  warning  Do not access Object.prototype method 'hasOwnProperty' from target object                                     no-prototype-builtins
  40312:43  warning  Do not access Object.prototype method 'hasOwnProperty' from target object                                     no-prototype-builtins
  40321:43  warning  Do not access Object.prototype method 'hasOwnProperty' from target object                                     no-prototype-builtins
  40336:43  warning  Do not access Object.prototype method 'hasOwnProperty' from target object                                     no-prototype-builtins
  40345:43  warning  Do not access Object.prototype method 'hasOwnProperty' from target object                                     no-prototype-builtins
  40355:43  warning  Do not access Object.prototype method 'hasOwnProperty' from target object                                     no-prototype-builtins
  40365:43  warning  Do not access Object.prototype method 'hasOwnProperty' from target object                                     no-prototype-builtins
  40374:43  warning  Do not access Object.prototype method 'hasOwnProperty' from target object                                     no-prototype-builtins
  40385:43  warning  Do not access Object.prototype method 'hasOwnProperty' from target object                                     no-prototype-builtins
  40394:43  warning  Do not access Object.prototype method 'hasOwnProperty' from target object                                     no-prototype-builtins
  40404:43  warning  Do not access Object.prototype method 'hasOwnProperty' from target object                                     no-prototype-builtins
  40419:43  warning  Do not access Object.prototype method 'hasOwnProperty' from target object                                     no-prototype-builtins
  40434:43  warning  Do not access Object.prototype method 'hasOwnProperty' from target object                                     no-prototype-builtins
  40689:27  warning  Do not access Object.prototype method 'hasOwnProperty' from target object                                     no-prototype-builtins
  40777:23  warning  'e' is defined but never used                                                                                 no-unused-vars
  40777:26  warning  't' is defined but never used                                                                                 no-unused-vars
  40777:29  warning  'r' is defined but never used                                                                                 no-unused-vars
  40777:32  warning  'n' is defined but never used                                                                                 no-unused-vars
  40777:35  warning  'i' is defined but never used                                                                                 no-unused-vars
  40782:6   warning  '_validateRule' is a function                                                                                 no-func-assign
  40839:17  warning  Expected a 'break' statement before 'case'                                                                    no-fallthrough
  40961:19  warning  Expected a 'break' statement before 'case'                                                                    no-fallthrough
  40980:19  warning  Expected a 'break' statement before 'case'                                                                    no-fallthrough
  40987:26  warning  'g' is defined but never used                                                                                 no-unused-vars
  40987:29  warning  'y' is defined but never used                                                                                 no-unused-vars
  41009:28  warning  'e' is defined but never used                                                                                 no-unused-vars
  41014:6   warning  '_finishOnAllFailed' is a function                                                                            no-func-assign
  41038:30  warning  'e' is defined but never used                                                                                 no-unused-vars
  41043:6   warning  '_finishOnFirstFailed' is a function                                                                          no-func-assign
  44459:21  warning  'n' is already defined                                                                                        no-redeclare
  44676:21  warning  'n' is already defined                                                                                        no-redeclare
  44727:21  warning  'n' is already defined                                                                                        no-redeclare
  44887:21  warning  'n' is already defined                                                                                        no-redeclare
  44977:21  warning  'n' is already defined                                                                                        no-redeclare
  45293:17  warning  Empty block statement                                                                                         no-empty
  45604:23  warning  'n' is already defined                                                                                        no-redeclare
  46122:20  warning  't' is defined but never used                                                                                 no-unused-vars
  46220:40  warning  'r' is defined but never used                                                                                 no-unused-vars
  46657:25  warning  'n' is assigned a value but never used                                                                        no-unused-vars
  46658:28  warning  'i' is assigned a value but never used                                                                        no-unused-vars
  46659:29  warning  'o' is assigned a value but never used                                                                        no-unused-vars
  47067:24  warning  't' is defined but never used                                                                                 no-unused-vars
  47089:5   warning  'updateCheckedValue' is assigned a value but never used                                                       no-unused-vars
  47092:5   warning  'updateInstructionIncludes' is assigned a value but never used                                                no-unused-vars
  47100:5   warning  'updateFirstCommandExecuted' is assigned a value but never used                                               no-unused-vars
  47101:5   warning  'updateSecondCommandExecuted' is assigned a value but never used                                              no-unused-vars
  47102:5   warning  'updateThirdCommandExecuted' is assigned a value but never used                                               no-unused-vars
  47103:5   warning  'updateFourthCommandExecuted' is assigned a value but never used                                              no-unused-vars
  47426:20  warning  Unsafe usage of optional chaining. If it short-circuits with 'undefined' the evaluation will throw TypeError  no-unsafe-optional-chaining
  48035:6   warning  '_typeof$3' is a function                                                                                     no-func-assign
  48138:6   warning  '_typeof$2' is a function                                                                                     no-func-assign
  48277:11  warning  Unsafe usage of ReturnStatement                                                                               no-unsafe-finally
  48279:16  warning  Unsafe usage of ThrowStatement                                                                                no-unsafe-finally
  48462:6   warning  '_typeof$1' is a function                                                                                     no-func-assign
  48610:11  warning  Unsafe usage of ReturnStatement                                                                               no-unsafe-finally
  48612:16  warning  Unsafe usage of ThrowStatement                                                                                no-unsafe-finally
  48731:6   warning  '_typeof' is a function                                                                                       no-func-assign
  48881:29  warning  'r' is defined but never used                                                                                 no-unused-vars
  48913:6   warning  '_setPrototypeOf' is a function                                                                               no-func-assign
  48965:6   warning  '_getPrototypeOf' is a function                                                                               no-func-assign
  49752:27  warning  'e' is assigned a value but never used                                                                        no-unused-vars

/home/runner/work/exp-detecting-tor-browser-au/exp-detecting-tor-browser-au/experiment/simulation/js/index-vz_uZ1Rq.js
     57:7   warning  'global' is not defined                                                          no-undef
    148:28  warning  Do not access Object.prototype method 'hasOwnProperty' from target object        no-prototype-builtins
    361:14  warning  Do not access Object.prototype method 'hasOwnProperty' from target object        no-prototype-builtins
    490:39  warning  Do not access Object.prototype method 'hasOwnProperty' from target object        no-prototype-builtins
    582:38  warning  'setImmediate' is not defined                                                    no-undef
    843:5   warning  Unexpected combined character in character class                                 no-misleading-character-class
    940:12  warning  Unnecessary escape character: \-                                                 no-useless-escape
    976:13  warning  Do not access Object.prototype method 'hasOwnProperty' from target object        no-prototype-builtins
   1110:11  warning  Expected a conditional expression and instead saw an assignment                  no-cond-assign
   1175:17  warning  Empty block statement                                                            no-empty
   1259:8   warning  Do not access Object.prototype method 'hasOwnProperty' from target object        no-prototype-builtins
   1352:5   warning  Do not access Object.prototype method 'hasOwnProperty' from target object        no-prototype-builtins
   1354:9   warning  Do not access Object.prototype method 'hasOwnProperty' from target object        no-prototype-builtins
   1360:9   warning  Do not access Object.prototype method 'hasOwnProperty' from target object        no-prototype-builtins
   1360:38  warning  Do not access Object.prototype method 'hasOwnProperty' from target object        no-prototype-builtins
   1390:14  warning  Do not access Object.prototype method 'hasOwnProperty' from target object        no-prototype-builtins
   1459:34  warning  'MSApp' is not defined                                                           no-undef
   1461:11  warning  'MSApp' is not defined                                                           no-undef
   1545:51  warning  Do not access Object.prototype method 'hasOwnProperty' from target object        no-prototype-builtins
   1552:11  warning  Do not access Object.prototype method 'hasOwnProperty' from target object        no-prototype-builtins
   1691:7   warning  Expected to return a value in method 'get'                                       getter-return
   1700:22  warning  '_' is defined but never used                                                    no-unused-vars
   1700:25  warning  '$' is defined but never used                                                    no-unused-vars
   1700:28  warning  '_e' is defined but never used                                                   no-unused-vars
   1700:32  warning  'et' is defined but never used                                                   no-unused-vars
   1700:36  warning  'tt' is defined but never used                                                   no-unused-vars
   1700:40  warning  'rt' is defined but never used                                                   no-unused-vars
   1717:13  warning  'a' is defined but never used                                                    no-unused-vars
   1717:16  warning  'o' is defined but never used                                                    no-unused-vars
   1717:19  warning  's' is defined but never used                                                    no-unused-vars
   1717:22  warning  '_' is defined but never used                                                    no-unused-vars
   1717:25  warning  '$' is defined but never used                                                    no-unused-vars
   1717:28  warning  '_e' is defined but never used                                                   no-unused-vars
   1717:32  warning  'et' is defined but never used                                                   no-unused-vars
   1717:36  warning  'tt' is defined but never used                                                   no-unused-vars
   1717:40  warning  'rt' is defined but never used                                                   no-unused-vars
   1720:13  warning  'a' is defined but never used                                                    no-unused-vars
   1720:16  warning  'o' is defined but never used                                                    no-unused-vars
   1720:19  warning  's' is defined but never used                                                    no-unused-vars
   1720:22  warning  '_' is defined but never used                                                    no-unused-vars
   1720:25  warning  '$' is defined but never used                                                    no-unused-vars
   1720:28  warning  '_e' is defined but never used                                                   no-unused-vars
   1720:32  warning  'et' is defined but never used                                                   no-unused-vars
   1720:36  warning  'tt' is defined but never used                                                   no-unused-vars
   1720:40  warning  'rt' is defined but never used                                                   no-unused-vars
   1841:13  warning  Empty block statement                                                            no-empty
   2375:9   warning  Do not access Object.prototype method 'hasOwnProperty' from target object        no-prototype-builtins
   2396:39  warning  Invalid typeof comparison value                                                  valid-typeof
   2404:40  warning  Invalid typeof comparison value                                                  valid-typeof
   2539:56  warning  Expected a conditional expression and instead saw an assignment                  no-cond-assign
   2957:22  warning  Do not access Object.prototype method 'hasOwnProperty' from target object        no-prototype-builtins
   3142:11  warning  Expected a 'break' statement before 'case'                                       no-fallthrough
   3158:11  warning  Expected a 'break' statement before 'case'                                       no-fallthrough
   3252:18  warning  Expected a conditional expression and instead saw an assignment                  no-cond-assign
   3352:9   warning  Expected a 'break' statement before 'case'                                       no-fallthrough
   3440:8   warning  Unexpected control character(s) in regular expression: \x00                      no-control-regex
   4416:13  warning  Expected a 'break' statement before 'case'                                       no-fallthrough
   4453:14  warning  Unexpected constant condition                                                    no-constant-condition
   4493:12  warning  Expected a conditional expression and instead saw an assignment                  no-cond-assign
   4936:15  warning  Empty block statement                                                            no-empty
   4937:17  warning  Empty block statement                                                            no-empty
   5148:13  warning  Expected a conditional expression and instead saw an assignment                  no-cond-assign
   5201:16  warning  Expected a conditional expression and instead saw an assignment                  no-cond-assign
   5496:12  warning  Expected a conditional expression and instead saw an assignment                  no-cond-assign
   5541:10  warning  Expected a conditional expression and instead saw an assignment                  no-cond-assign
   6006:14  warning  Do not access Object.prototype method 'hasOwnProperty' from target object        no-prototype-builtins
   6006:38  warning  Do not access Object.prototype method 'hasOwnProperty' from target object        no-prototype-builtins
   6009:29  warning  Do not access Object.prototype method 'hasOwnProperty' from target object        no-prototype-builtins
   6016:17  warning  Do not access Object.prototype method 'hasOwnProperty' from target object        no-prototype-builtins
   6023:11  warning  Do not access Object.prototype method 'hasOwnProperty' from target object        no-prototype-builtins
   6028:19  warning  Do not access Object.prototype method 'hasOwnProperty' from target object        no-prototype-builtins
   6029:27  warning  Do not access Object.prototype method 'hasOwnProperty' from target object        no-prototype-builtins
   6032:18  warning  Do not access Object.prototype method 'hasOwnProperty' from target object        no-prototype-builtins
   6046:19  warning  Do not access Object.prototype method 'hasOwnProperty' from target object        no-prototype-builtins
   6184:20  warning  Do not access Object.prototype method 'hasOwnProperty' from target object        no-prototype-builtins
   6197:22  warning  Do not access Object.prototype method 'hasOwnProperty' from target object        no-prototype-builtins
   6282:22  warning  Do not access Object.prototype method 'hasOwnProperty' from target object        no-prototype-builtins
   6295:25  warning  Do not access Object.prototype method 'hasOwnProperty' from target object        no-prototype-builtins
   6804:13  warning  Empty block statement                                                            no-empty
   6808:5   warning  Expected a 'break' statement before 'case'                                       no-fallthrough
   7119:42  warning  Do not access Object.prototype method 'hasOwnProperty' from target object        no-prototype-builtins
   7200:16  warning  'o' is defined but never used                                                    no-unused-vars
   7200:19  warning  's' is defined but never used                                                    no-unused-vars
   7203:16  warning  'o' is defined but never used                                                    no-unused-vars
   7203:19  warning  's' is defined but never used                                                    no-unused-vars
   7516:12  warning  Unexpected constant condition                                                    no-constant-condition
   7867:12  warning  Unexpected constant condition                                                    no-constant-condition
   7889:10  warning  Unexpected constant condition                                                    no-constant-condition
   8115:19  warning  Empty block statement                                                            no-empty
   8938:1   warning  'Gb' is a function                                                               no-func-assign
   8939:1   warning  'Hb' is a function                                                               no-func-assign
   8974:12  warning  '__REACT_DEVTOOLS_GLOBAL_HOOK__' is not defined                                  no-undef
   8978:13  warning  Empty block statement                                                            no-empty
   9075:14  warning  '__REACT_DEVTOOLS_GLOBAL_HOOK__' is not defined                                  no-undef
   9079:7   warning  '__REACT_DEVTOOLS_GLOBAL_HOOK__' is not defined                                  no-undef
   9203:34  warning  'ct' is assigned a value but never used                                          no-unused-vars
   9265:32  warning  'o' is defined but never used                                                    no-unused-vars
   9380:28  warning  '__g' is not defined                                                             no-undef
   9384:28  warning  '__e' is not defined                                                             no-undef
   9509:21  warning  Empty block statement                                                            no-empty
   9612:29  warning  Do not access Object.prototype method 'propertyIsEnumerable' from target object  no-prototype-builtins
   9758:25  warning  'nt' is defined but never used                                                   no-unused-vars
  10273:17  warning  Empty block statement                                                            no-empty
  10891:16  warning  '_typeof$6' is a function                                                        no-func-assign
  10894:16  warning  '_typeof$6' is a function                                                        no-func-assign
  11156:16  warning  '_typeof$5' is a function                                                        no-func-assign
  11159:16  warning  '_typeof$5' is a function                                                        no-func-assign
  11533:33  warning  Empty block statement                                                            no-empty
  11913:16  warning  '_typeof$4' is a function                                                        no-func-assign
  11916:16  warning  '_typeof$4' is a function                                                        no-func-assign
  12463:19  warning  Empty block statement                                                            no-empty
  15003:16  warning  '_typeof$3' is a function                                                        no-func-assign
  15006:16  warning  '_typeof$3' is a function                                                        no-func-assign
  15112:38  warning  Unnecessary escape character: \?                                                 no-useless-escape
  15119:19  warning  Empty block statement                                                            no-empty
  19885:28  warning  'tt' is defined but never used                                                   no-unused-vars
  24183:16  warning  '_typeof$2' is a function                                                        no-func-assign
  24186:16  warning  '_typeof$2' is a function                                                        no-func-assign
  24207:11  warning  'ct' is defined but never used                                                   no-unused-vars
  24281:23  warning  Empty block statement                                                            no-empty
  24312:16  warning  '_typeof$1' is a function                                                        no-func-assign
  24315:16  warning  '_typeof$1' is a function                                                        no-func-assign
  26062:16  warning  '_typeof' is a function                                                          no-func-assign
  26065:16  warning  '_typeof' is a function                                                          no-func-assign
  36632:6   warning  '_extends' is a function                                                         no-func-assign
  36675:11  warning  Unsafe usage of ReturnStatement                                                  no-unsafe-finally
  36677:17  warning  Unsafe usage of ThrowStatement                                                   no-unsafe-finally
  36718:6   warning  '_typeof$4' is a function                                                        no-func-assign
  38088:27  warning  'o' is defined but never used                                                    no-unused-vars
  38089:20  warning  'a' is defined but never used                                                    no-unused-vars
  38089:23  warning  'o' is defined but never used                                                    no-unused-vars
  38090:15  warning  'a' is defined but never used                                                    no-unused-vars
  38090:18  warning  'o' is defined but never used                                                    no-unused-vars
  38842:10  warning  'isReactElement' is defined but never used                                       no-unused-vars
  38966:35  warning  'global' is not defined                                                          no-undef
  38967:9   warning  'global' is not defined                                                          no-undef
  39377:6   warning  '_setPrototypeOf$1' is a function                                                no-func-assign
  39396:6   warning  '_getPrototypeOf$1' is a function                                                no-func-assign
  39409:11  warning  Empty block statement                                                            no-empty
  39410:11  warning  '_isNativeReflectConstruct$1' is a function                                      no-func-assign
  39651:5   warning  Expected a 'break' statement before 'case'                                       no-fallthrough
  39653:5   warning  Expected a 'break' statement before 'case'                                       no-fallthrough
  40569:7   warning  Expected a 'break' statement before 'case'                                       no-fallthrough
  40595:7   warning  Expected a 'break' statement before 'case'                                       no-fallthrough
  40602:11  warning  Expected a 'break' statement before 'case'                                       no-fallthrough
  40615:11  warning  Expected a 'break' statement before 'default'                                    no-fallthrough
  40680:7   warning  Expected a 'break' statement before 'default'                                    no-fallthrough
  40747:5   warning  Expected a 'break' statement before 'case'                                       no-fallthrough
  40811:26  warning  Unnecessary escape character: \:                                                 no-useless-escape
  41522:55  warning  '_' is assigned a value but never used                                           no-unused-vars
  42702:21  warning  '_' is already defined                                                           no-redeclare
  42866:21  warning  '_' is already defined                                                           no-redeclare
  43746:27  warning  'a' is defined but never used                                                    no-unused-vars
  43902:21  warning  '_' is already defined                                                           no-redeclare
  45231:21  warning  '_' is already defined                                                           no-redeclare
  45299:21  warning  '_' is already defined                                                           no-redeclare
  45484:3   warning  '_regeneratorRuntime' is a function                                              no-func-assign
  45514:5   warning  'nt' is a function                                                               no-func-assign
  45918:13  warning  Empty block statement                                                            no-empty
  45939:24  warning  'a' is defined but never used                                                    no-unused-vars
  45944:6   warning  '_modernUnmount' is a function                                                   no-func-assign
  45971:18  warning  'a' is defined but never used                                                    no-unused-vars
  45976:6   warning  '_unmount' is a function                                                         no-func-assign
  45989:15  warning  Expected a 'break' statement before 'case'                                       no-fallthrough
  46294:21  warning  '_' is already defined                                                           no-redeclare
  47096:21  warning  '_' is already defined                                                           no-redeclare
  47432:6   warning  '_wrapNativeSuper' is a function                                                 no-func-assign
  47460:5   warning  'define_process_env_default' is assigned a value but never used                  no-unused-vars
  47500:11  warning  Unreachable code                                                                 no-unreachable
  47657:13  warning  Do not access Object.prototype method 'hasOwnProperty' from target object        no-prototype-builtins
  47719:11  warning  Do not access Object.prototype method 'hasOwnProperty' from target object        no-prototype-builtins
  47815:17  warning  Unnecessary escape character: \[                                                 no-useless-escape
  47815:42  warning  Unnecessary escape character: \[                                                 no-useless-escape
  47907:44  warning  Do not access Object.prototype method 'hasOwnProperty' from target object        no-prototype-builtins
  47916:44  warning  Do not access Object.prototype method 'hasOwnProperty' from target object        no-prototype-builtins
  47927:44  warning  Do not access Object.prototype method 'hasOwnProperty' from target object        no-prototype-builtins
  47937:44  warning  Do not access Object.prototype method 'hasOwnProperty' from target object        no-prototype-builtins
  47952:44  warning  Do not access Object.prototype method 'hasOwnProperty' from target object        no-prototype-builtins
  47962:44  warning  Do not access Object.prototype method 'hasOwnProperty' from target object        no-prototype-builtins
  47973:44  warning  Do not access Object.prototype method 'hasOwnProperty' from target object        no-prototype-builtins
  47984:44  warning  Do not access Object.prototype method 'hasOwnProperty' from target object        no-prototype-builtins
  47994:44  warning  Do not access Object.prototype method 'hasOwnProperty' from target object        no-prototype-builtins
  48006:44  warning  Do not access Object.prototype method 'hasOwnProperty' from target object        no-prototype-builtins
  48016:44  warning  Do not access Object.prototype method 'hasOwnProperty' from target object        no-prototype-builtins
  48026:44  warning  Do not access Object.prototype method 'hasOwnProperty' from target object        no-prototype-builtins
  48041:44  warning  Do not access Object.prototype method 'hasOwnProperty' from target object        no-prototype-builtins
  48056:44  warning  Do not access Object.prototype method 'hasOwnProperty' from target object        no-prototype-builtins
  48323:27  warning  Do not access Object.prototype method 'hasOwnProperty' from target object        no-prototype-builtins
  48411:23  warning  'a' is defined but never used                                                    no-unused-vars
  48411:26  warning  'o' is defined but never used                                                    no-unused-vars
  48411:29  warning  's' is defined but never used                                                    no-unused-vars
  48411:32  warning  '_' is defined but never used                                                    no-unused-vars
  48411:35  warning  '$' is defined but never used                                                    no-unused-vars
  48416:6   warning  '_validateRule' is a function                                                    no-func-assign
  48473:17  warning  Expected a 'break' statement before 'case'                                       no-fallthrough
  48599:19  warning  Expected a 'break' statement before 'case'                                       no-fallthrough
  48620:19  warning  Expected a 'break' statement before 'case'                                       no-fallthrough
  48627:26  warning  'ct' is defined but never used                                                   no-unused-vars
  48627:30  warning  'at' is defined but never used                                                   no-unused-vars
  48651:28  warning  'a' is defined but never used                                                    no-unused-vars
  48656:6   warning  '_finishOnAllFailed' is a function                                               no-func-assign
  48680:30  warning  'a' is defined but never used                                                    no-unused-vars
  48685:6   warning  '_finishOnFirstFailed' is a function                                             no-func-assign
  52147:21  warning  '_' is already defined                                                           no-redeclare
  52383:21  warning  '_' is already defined                                                           no-redeclare
  52435:21  warning  '_' is already defined                                                           no-redeclare
  52601:21  warning  '_' is already defined                                                           no-redeclare
  52696:21  warning  '_' is already defined                                                           no-redeclare
  53017:17  warning  Empty block statement                                                            no-empty
  53331:23  warning  '_' is already defined                                                           no-redeclare
  53879:20  warning  'o' is defined but never used                                                    no-unused-vars
  53978:40  warning  's' is defined but never used                                                    no-unused-vars
  54426:25  warning  '_' is assigned a value but never used                                           no-unused-vars
  54427:28  warning  '$' is assigned a value but never used                                           no-unused-vars
  54428:29  warning  '_e' is assigned a value but never used                                          no-unused-vars
  54847:24  warning  'o' is defined but never used                                                    no-unused-vars
  54869:5   warning  'updateCheckedValue' is assigned a value but never used                          no-unused-vars
  54872:5   warning  'updateInstructionIncludes' is assigned a value but never used                   no-unused-vars
  54880:5   warning  'updateFirstCommandExecuted' is assigned a value but never used                  no-unused-vars
  54881:5   warning  'updateSecondCommandExecuted' is assigned a value but never used                 no-unused-vars
  54882:5   warning  'updateThirdCommandExecuted' is assigned a value but never used                  no-unused-vars
  54883:5   warning  'updateFourthCommandExecuted' is assigned a value but never used                 no-unused-vars
  55827:6   warning  '_typeof$3' is a function                                                        no-func-assign
  55930:6   warning  '_typeof$2' is a function                                                        no-func-assign
  56069:11  warning  Unsafe usage of ReturnStatement                                                  no-unsafe-finally
  56071:17  warning  Unsafe usage of ThrowStatement                                                   no-unsafe-finally
  56252:6   warning  '_typeof$1' is a function                                                        no-func-assign
  56400:11  warning  Unsafe usage of ReturnStatement                                                  no-unsafe-finally
  56402:17  warning  Unsafe usage of ThrowStatement                                                   no-unsafe-finally
  56521:6   warning  '_typeof' is a function                                                          no-func-assign
  56671:29  warning  's' is defined but never used                                                    no-unused-vars
  56703:6   warning  '_setPrototypeOf' is a function                                                  no-func-assign
  56755:6   warning  '_getPrototypeOf' is a function                                                  no-func-assign
  57546:27  warning  'a' is assigned a value but never used                                           no-unused-vars

✖ 473 problems (0 errors, 473 warnings)

